===Cpp2IL by Samboy063===
A Tool to Reverse Unity's "il2cpp" Build Process.
Version 2022.1.0+5fb20304df698ffd3d0e664b2a698cd911dc9d57

[38;2;173;216;230m[Info] [Program] [0m[38;2;173;216;230mRunning on Unix
[0m[38;2;173;216;230m[Info] [Plugins] [0m[38;2;173;216;230mLoading plugins from /workspaces/dripnight-dumper/Plugins...
[0m[38;2;173;216;230m[Info] [Plugins] [0m[38;2;173;216;230mUsing Plugin: Cpp2IL Built-In
[0m[38;2;255;255;0m[Warn] [Program] [0m[38;2;255;255;0mUsing force options, I sure hope you know what you're doing!
[0m[38;2;173;216;230m[Info] [Library] [0m[38;2;173;216;230mInitializing Metadata...
[0m[38;2;173;216;230m[Info] [Library] [0m[38;2;173;216;230m	Using actual IL2CPP Metadata version 31.1
[0m[38;2;173;216;230m[Info] [Library] [0m[38;2;173;216;230mInitialized Metadata in 1497ms
[0m[38;2;173;216;230m[Info] [Library] [0m[38;2;173;216;230mUsing binary type ELF (from LibCpp2IL)
[0m[38;2;139;0;0m[Fail] [Library] [0m[38;2;139;0;0m	Caught OverflowException processing symbols! Attempting to continue without symbol information (no exports, for example)...
[0m[38;2;173;216;230m[Info] [Library] [0m[38;2;173;216;230mSearching Binary for Required Data...
[0m[38;2;173;216;230m[Info] [Library] [0m[38;2;173;216;230mGot Binary codereg: 0xAB41858, metareg: 0xAD10B38 in 393ms.
[0m[38;2;173;216;230m[Info] [Library] [0m[38;2;173;216;230mInitializing Binary...
[0m[38;2;173;216;230m[Info] [Library] [0m[38;2;173;216;230m[DRIP-SANITIZE] method definitions total = 345746
[0m[38;2;173;216;230m[Info] [Library] [0m[38;2;173;216;230m[DRIP-SANITIZE] method specs total       = 161670
[0m[38;2;173;216;230m[Info] [Library] [0m[38;2;173;216;230m[DRIP-SANITIZE] generic insts total     = 22036
[0m[38;2;173;216;230m[Info] [Library] [0m[38;2;173;216;230m[DRIP-SANITIZE] bad table indices       = 21719
[0m[38;2;173;216;230m[Info] [Library] [0m[38;2;173;216;230m[DRIP-SANITIZE] bad method definitions  = 16345
[0m[38;2;173;216;230m[Info] [Library] [0m[38;2;173;216;230m[DRIP-SANITIZE] bad class generic inst  = 1
[0m[38;2;173;216;230m[Info] [Library] [0m[38;2;173;216;230m[DRIP-SANITIZE] bad method generic inst = 4
[0m[38;2;173;216;230m[Info] [Library] [0m[38;2;173;216;230m[DRIP-SANITIZE] generic tables original = 87844
[0m[38;2;173;216;230m[Info] [Library] [0m[38;2;173;216;230m[DRIP-SANITIZE] generic tables valid    = 49775
[0m[38;2;173;216;230m[Info] [Library] [0m[38;2;173;216;230m[DRIP-SANITIZE] generic tables skipped  = 38069
[0m[38;2;173;216;230m[Info] [Library] [0m[38;2;173;216;230m[DRIP-SANITIZE] max sane adjustorThunk = 15001
[0m[38;2;173;216;230m[Info] [Library] [0m[38;2;173;216;230mInitialized Binary in 147ms
[0m[38;2;173;216;230m[Info] [Library] [0m[38;2;173;216;230mMapping pointers to Il2CppMethodDefinitions...[0m[38;2;139;0;0m

Cpp2IL.Core.Exceptions.LibCpp2ILInitializationException: Fatal Exception initializing LibCpp2IL!
 ---> System.Collections.Generic.KeyNotFoundException: The given key 'System.Data.dll' was not present in the dictionary.
   at System.Collections.Generic.Dictionary`2.get_Item(TKey key)
   at LibCpp2IL.Il2CppBinary.GetCodegenModuleByName(String name) in /workspaces/dripnight-dumper/tools/cpp2il-src/LibCpp2IL/Il2CppBinary.cs:line 522
   at LibCpp2IL.Il2CppBinary.GetCodegenModuleIndexByName(String name) in /workspaces/dripnight-dumper/tools/cpp2il-src/LibCpp2IL/Il2CppBinary.cs:line 524
   at LibCpp2IL.Metadata.Il2CppMethodDefinition.get_MethodPointer() in /workspaces/dripnight-dumper/tools/cpp2il-src/LibCpp2IL/Metadata/Il2CppMethodDefinition.cs:line 62
   at LibCpp2IL.LibCpp2IlContextBuilder.<>c.<Build>b__7_0(Il2CppMethodDefinition method) in /workspaces/dripnight-dumper/tools/cpp2il-src/LibCpp2IL/LibCpp2IlContextBuilder.cs:line 110
   at LibCpp2IL.LibCpp2IlContextBuilder.Build() in /workspaces/dripnight-dumper/tools/cpp2il-src/LibCpp2IL/LibCpp2IlContextBuilder.cs:line 110
   at LibCpp2IL.LibCpp2IlContextBuilder.Build(Byte[] binaryBytes, Byte[] metadataBytes, UnityVersion unityVersion) in /workspaces/dripnight-dumper/tools/cpp2il-src/LibCpp2IL/LibCpp2IlContextBuilder.cs:line 131
   at LibCpp2IL.LibCpp2IlContextBuilder.BuildFromFiles(String pePath, String metadataPath, UnityVersion unityVersion) in /workspaces/dripnight-dumper/tools/cpp2il-src/LibCpp2IL/LibCpp2IlContextBuilder.cs:line 137
   at LibCpp2IL.LibCpp2IlMain.LoadFromFileAsContext(String pePath, String metadataPath, UnityVersion unityVersion) in /workspaces/dripnight-dumper/tools/cpp2il-src/LibCpp2IL/LibCpp2IlMain.cs:line 41
   at Cpp2IL.Core.Cpp2IlApi.InitializeLibCpp2Il(String assemblyPath, String metadataPath, UnityVersion unityVersion, Boolean allowUserToInputAddresses) in /workspaces/dripnight-dumper/tools/cpp2il-src/Cpp2IL.Core/Cpp2IlApi.cs:line 89
   --- End of inner exception stack trace ---
   at Cpp2IL.Core.Cpp2IlApi.InitializeLibCpp2Il(String assemblyPath, String metadataPath, UnityVersion unityVersion, Boolean allowUserToInputAddresses) in /workspaces/dripnight-dumper/tools/cpp2il-src/Cpp2IL.Core/Cpp2IlApi.cs:line 95
   at Cpp2IL.Program.MainWithArgs(Cpp2IlRuntimeArgs runtimeArgs) in /workspaces/dripnight-dumper/tools/cpp2il-src/Cpp2IL/Program.cs:line 683
   at Cpp2IL.Program.Main(String[] args) in /workspaces/dripnight-dumper/tools/cpp2il-src/Cpp2IL/Program.cs:line 615

Waiting for you to press enter - feel free to copy the error...
[0m