===Cpp2IL by Samboy063===
A Tool to Reverse Unity's "il2cpp" Build Process.
Version 2022.1.0+5fb20304df698ffd3d0e664b2a698cd911dc9d57

[38;2;173;216;230m[Info] [Program] [0m[38;2;173;216;230mRunning on Unix
[0m[38;2;173;216;230m[Info] [Plugins] [0m[38;2;173;216;230mLoading plugins from /workspaces/dripnight-dumper/Plugins...
[0m[38;2;173;216;230m[Info] [Plugins] [0m[38;2;173;216;230mUsing Plugin: Cpp2IL Built-In
[0m[38;2;255;255;0m[Warn] [Program] [0m[38;2;255;255;0mUsing force options, I sure hope you know what you're doing!
[0m[38;2;173;216;230m[Info] [Library] [0m[38;2;173;216;230mInitializing Metadata...
[0m[38;2;173;216;230m[Info] [Library] [0m[38;2;173;216;230m	Using actual IL2CPP Metadata version 31.1
[0m[38;2;173;216;230m[Info] [Library] [0m[38;2;173;216;230mInitialized Metadata in 1904ms
[0m[38;2;173;216;230m[Info] [Library] [0m[38;2;173;216;230mUsing binary type ELF (from LibCpp2IL)
[0m[38;2;139;0;0m[Fail] [Library] [0m[38;2;139;0;0m	Caught OverflowException processing symbols! Attempting to continue without symbol information (no exports, for example)...
[0m[38;2;173;216;230m[Info] [Library] [0m[38;2;173;216;230mSearching Binary for Required Data...
[0m[38;2;173;216;230m[Info] [Library] [0m[38;2;173;216;230mGot Binary codereg: 0xAB41858, metareg: 0xAD10B38 in 284ms.
[0m[38;2;173;216;230m[Info] [Library] [0m[38;2;173;216;230mInitializing Binary...
[0m[38;2;173;216;230m[Info] [Library] [0m[38;2;173;216;230m	[DRIP-NOMAP] Generic native pointer mapping disabled.
[0m[38;2;173;216;230m[Info] [Library] [0m[38;2;173;216;230mInitialized Binary in 107ms
[0m[38;2;173;216;230m[Info] [Program] [0m[38;2;173;216;230mCreating application model...
[0m[38;2;139;0;0m[Fail] [Program] [0m[38;2;139;0;0m

Cpp2IL.Core.Exceptions.LibCpp2ILInitializationException: Fatal Exception initializing LibCpp2IL!
 ---> System.IndexOutOfRangeException: Index was outside the bounds of the array.
   at LibCpp2IL.Il2CppBinary.GetMethodPointer(Int32 methodIndex, Il2CppVariableWidthIndex`1 methodDefinitionIndex, Int32 imageIndex, UInt32 methodToken) in /workspaces/dripnight-dumper/tools/cpp2il-src/LibCpp2IL/Il2CppBinary.cs:line 487
   at LibCpp2IL.Metadata.Il2CppMethodDefinition.get_MethodPointer() in /workspaces/dripnight-dumper/tools/cpp2il-src/LibCpp2IL/Metadata/Il2CppMethodDefinition.cs:line 69
   at Cpp2IL.Core.Model.Contexts.ApplicationAnalysisContext.<>c.<.ctor>b__25_0(Il2CppMethodDefinition m) in /workspaces/dripnight-dumper/tools/cpp2il-src/Cpp2IL.Core/Model/Contexts/ApplicationAnalysisContext.cs:line 138
   at System.Collections.Generic.SegmentedArrayBuilder`1.AddNonICollectionRange(IEnumerable`1 source)
   at System.Linq.Enumerable.Concat2Iterator`1.ToArray()
   at System.Linq.Enumerable.ToArray[TSource](IEnumerable`1 source)
   at System.Linq.Enumerable.OrderedIterator`1.ToArray()
   at System.Linq.Enumerable.ToArray[TSource](IEnumerable`1 source)
   at Cpp2IL.Core.Model.Contexts.ApplicationAnalysisContext..ctor(LibCpp2IlContext context) in /workspaces/dripnight-dumper/tools/cpp2il-src/Cpp2IL.Core/Model/Contexts/ApplicationAnalysisContext.cs:line 136
   at Cpp2IL.Core.Cpp2IlApi.OnLibInitialized(LibCpp2IlContext libContext) in /workspaces/dripnight-dumper/tools/cpp2il-src/Cpp2IL.Core/Cpp2IlApi.cs:line 126
   at Cpp2IL.Core.Cpp2IlApi.InitializeLibCpp2Il(String assemblyPath, String metadataPath, UnityVersion unityVersion, Boolean allowUserToInputAddresses) in /workspaces/dripnight-dumper/tools/cpp2il-src/Cpp2IL.Core/Cpp2IlApi.cs:line 89
   --- End of inner exception stack trace ---
   at Cpp2IL.Core.Cpp2IlApi.InitializeLibCpp2Il(String assemblyPath, String metadataPath, UnityVersion unityVersion, Boolean allowUserToInputAddresses) in /workspaces/dripnight-dumper/tools/cpp2il-src/Cpp2IL.Core/Cpp2IlApi.cs:line 95
   at Cpp2IL.Program.MainWithArgs(Cpp2IlRuntimeArgs runtimeArgs) in /workspaces/dripnight-dumper/tools/cpp2il-src/Cpp2IL/Program.cs:line 683
   at Cpp2IL.Program.Main(String[] args) in /workspaces/dripnight-dumper/tools/cpp2il-src/Cpp2IL/Program.cs:line 615

Waiting for you to press enter - feel free to copy the error...
[0m