===Cpp2IL by Samboy063===
A Tool to Reverse Unity's "il2cpp" Build Process.
Version 2022.1.0+5fb20304df698ffd3d0e664b2a698cd911dc9d57

[38;2;173;216;230m[Info] [Program] [0m[38;2;173;216;230mRunning on Unix
[0m[38;2;173;216;230m[Info] [Plugins] [0m[38;2;173;216;230mLoading plugins from /workspaces/dripnight-dumper/Plugins...
[0m[38;2;173;216;230m[Info] [Plugins] [0m[38;2;173;216;230mUsing Plugin: Cpp2IL Built-In
[0m[38;2;255;255;0m[Warn] [Program] [0m[38;2;255;255;0mUsing force options, I sure hope you know what you're doing!
[0m[38;2;173;216;230m[Info] [Library] [0m[38;2;173;216;230mInitializing Metadata...
[0m[38;2;173;216;230m[Info] [Library] [0m[38;2;173;216;230m	Using actual IL2CPP Metadata version 31.1
[0m[38;2;173;216;230m[Info] [Library] [0m[38;2;173;216;230mInitialized Metadata in 1788ms
[0m[38;2;173;216;230m[Info] [Library] [0m[38;2;173;216;230mUsing binary type ELF (from LibCpp2IL)
[0m[38;2;139;0;0m[Fail] [Library] [0m[38;2;139;0;0m	Caught OverflowException processing symbols! Attempting to continue without symbol information (no exports, for example)...
[0m[38;2;173;216;230m[Info] [Library] [0m[38;2;173;216;230mSearching Binary for Required Data...
[0m[38;2;173;216;230m[Info] [Library] [0m[38;2;173;216;230mGot Binary codereg: 0xAB41858, metareg: 0xAD10B38 in 303ms.
[0m[38;2;173;216;230m[Info] [Library] [0m[38;2;173;216;230mInitializing Binary...
[0m[38;2;173;216;230m[Info] [Library] [0m[38;2;173;216;230m	[DRIP-NOMAP] Generic native pointer mapping disabled.
[0m[38;2;173;216;230m[Info] [Library] [0m[38;2;173;216;230mInitialized Binary in 127ms
[0m[38;2;173;216;230m[Info] [Program] [0m[38;2;173;216;230mCreating application model...
[0m[38;2;173;216;230m[Info] [Program] [0m[38;2;173;216;230mApplication model created in 66202.3831ms
[0m[38;2;173;216;230m[Info] [Program] [0m[38;2;173;216;230mPre-processing processing layers...
[0m[38;2;173;216;230m[Info] [Program] [0m[38;2;173;216;230mInvoking processing layers...
[0m[38;2;173;216;230m[Info] [Program] [0m[38;2;173;216;230mOutputting as DLL output format for backwards compatibility. to /workspaces/dripnight-dumper/output/nomap6...
[0m[38;2;173;216;230m[Info] [Program] [0m[38;2;173;216;230mFinished outputting in 16946.6907ms
[0m[38;2;173;216;230m[Info] [Program] [0m[38;2;173;216;230mDone. Total execution time: 86661.5581ms
[0m